// Jest Snapshot v1, https://goo.gl/fbAQLP

exports[`CustomizedSnackbars component test Props properties are used correctly by MuiAlert 1`] = `ReactWrapper {}`;
