// Jest Snapshot v1, https://goo.gl/fbAQLP

exports[`LoginPage test has login button 1`] = `ReactWrapper {}`;
