// Jest Snapshot v1, https://goo.gl/fbAQLP

exports[`SignupPage test has login button 1`] = `ReactWrapper {}`;
